# installer prettier 
# install nodemon  [from ]
# dotenv package
# npm install mongoose 
# npm install express


/*
  whenever wanna connect with db -problems might come -> so use try catch/ promises

  DB is always is in another contient

  */

PS C:\Youtube Backend> npm init
This utility will walk you through creating a package.json file.
It only covers the most common items, and tries to guess sensible defaults.

See `npm help init` for definitive documentation on these fields
and exactly what they do.

Use `npm install <pkg>` afterwards to install a package and

Press ^C at any time to quit.
package name: (youtube-backend)
Sorry, name cannot contain leading or trailing spaces and name can only contain URL-friendly characters.      
package name: (youtube-backend)
version: (1.0.0)
description: a backend for youtube
entry point: (index.js)
test command:
git repository:
keywords: javascript, backend, youtube
author: Vaishnavi Dhokte
license: (ISC)
About to write to C:\Youtube Backend\package.json:

{
  "name": "youtube-backend",
  "version": "1.0.0",
  "description": "a backend for youtube",
  "main": "index.js",
  "scripts": {
    "test": "echo \"Error: no test specified\" && exit 1"
  },
  "keywords": [
    "javascript",
    "backend",
    "youtube"
  ],
  "author": "Vaishnavi Dhokte",
  "license": "ISC"
}


Is this OK? (yes)

PS C:\Youtube Backend> git init
Initialized empty Git repository in C:/Youtube Backend/.git/
PS C:\Youtube Backend>
 *  History restored 

PS C:\Youtube Backend> 
 *  History restored 

PS C:\Youtube Backend> git init
PS C:\Youtube Backend> git init
Reinitialized existing Git repository in C:/Youtube Backend/.git/
PS C:\Youtube Backend> git init
Reinitialized existing Git repository in C:/Youtube Backend/.git/
PS C:\Youtube Backend> git init
PS C:\Youtube Backend> git init
PS C:\Youtube Backend> git init
PS C:\Youtube Backend> git init
Reinitialized existing Git repository in C:/Youtube Backend/.git/
PS C:\Youtube Backend> git add .
PS C:\Youtube Backend> git init
Reinitialized existing Git repository in C:/Youtube Backend/.git/        ube Backend> git commit -m "add initial giles for bac
PS C:\Youtube Backend> git init
Reinitialized existing Git repository in C:/Youtube Backend/.git/       RLF the next time Git touches it
PS C:\Youtube Backend> git add .
PS C:\Youtube Backend> git init
Reinitialized existing Git repository in C:/Youtube Backend/.git/
PS C:\Youtube Backend> git init
Reinitialized existing Git repository in C:/Youtube Backend/.git/
PS C:\Youtube Backend> git add .
warning: in the working copy of 'package.json', LF will be replaced by CRLF the next time Git touches it
PS C:\Youtube Backend> git commit -m "add initial giles for backend"
[master (root-commit) ebdf24d] add initial giles for backend  
 2 files changed, 16 insertions(+)
 create mode 100644 Readme.md
 create mode 100644 package.json
PS C:\Youtube Backend> git branch -M main
PS C:\Youtube Backend> git remote add origin https://github.com/Vaishnavi685/youtube-backend.git
PS C:\Youtube Backend> git push -u origin main
Enumerating objects: 4, done.
Counting objects: 100% (4/4), done.
Delta compression using up to 8 threads
Compressing objects: 100% (3/3), done.
Writing objects: 100% (4/4), 485 bytes | 97.00 KiB/s, done.   
Total 4 (delta 0), reused 0 (delta 0), pack-reused 0 (from 0) 
To https://github.com/Vaishnavi685/youtube-backend.git        
 * [new branch]      main -> main
branch 'main' set up to track 'origin/main'.
PS C:\Youtube Backend> git status
On branch main
Your branch is up to date with 'origin/main'.

nothing added to commit but untracked files present (use "git add" to track)
PS C:\Youtube Backend> cd src
PS C:\Youtube Backend\src> cd..
PS C:\Youtube Backend> npm i -D nodemon

added 29 packages, and audited 30 packages in 6s

4 packages are looking for funding
  run `npm fund` for details

found 0 vulnerabilities
PS C:\Youtube Backend> git status
On branch main
Your branch is up to date with 'origin/main'.

Changes not staged for commit:
  (use "git add <file>..." to update what will be committed)
  (use "git restore <file>..." to discard changes in working directory)
        modified:   Readme.md
        modified:   package.json

Untracked files:
  (use "git add <file>..." to include in what will be committed)
        .env.sample
        .gitignore
        package-lock.json
        public/
        src/

no changes added to commit (use "git add" and/or "git commit -a")
PS C:\Youtube Backend> git add .
warning: in the working copy of 'package.json', LF will be replaced by CRLF the next time Git touches it
warning: in the working copy of 'package-lock.json', LF will be replaced by CRLF the next time Git touches it
PS C:\Youtube Backend> git commit -m "setup project files - part 1"
[main 91472bd] setup project files - part 1
 9 files changed, 519 insertions(+), 2 deletions(-)
 create mode 100644 .env.sample
 create mode 100644 .gitignore
 create mode 100644 package-lock.json
 create mode 100644 public/temp/.gitkeep
 create mode 100644 src/app.js
 create mode 100644 src/constants.js
 create mode 100644 src/index.js
PS C:\Youtube Backend> git push 
Enumerating objects: 12, done.
Counting objects: 100% (12/12), done.
Delta compression using up to 8 threads
Compressing objects: 100% (7/7), done.
Writing objects: 100% (9/9), 5.43 KiB | 505.00 KiB/s, done.
Total 9 (delta 1), reused 0 (delta 0), pack-reused 0 (from 0)
remote: Resolving deltas: 100% (1/1), completed with 1 local object.
To https://github.com/Vaishnavi685/youtube-backend.git
   ebdf24d..91472bd  main -> main
PS C:\Youtube Backend> npm i -D prettier 

added 1 package, and audited 31 packages in 4s

5 packages are looking for funding
  run `npm fund` for details

found 0 vulnerabilities